C51 COMPILER V9.60.7.0   MAIN                                                              06/05/2025 11:11:59 PAGE 1   


C51 COMPILER V9.60.7.0, COMPILATION OF MODULE MAIN
OBJECT MODULE PLACED IN .\Objects\main.obj
COMPILER INVOKED BY: E:\arm keil\C51\BIN\C51.EXE main.c OPTIMIZE(8,SPEED) BROWSE DEBUG OBJECTEXTEND PRINT(.\Listings\mai
                    -n.lst) TABS(2) OBJECT(.\Objects\main.obj)

line level    source

   1          #include <reg51.h>
   2          
   3          sbit test = P0^6;  // LED connected to P1.0
   4          
   5          void Timer0_Delay_50ms()
   6          {
   7   1          TMOD = 0x01;      // Timer0, Mode 1 (16-bit)
   8   1          TH0 = 0x4C;       // Load high byte
   9   1          TL0 = 0x00;       // Load low byte
  10   1          TF0 = 0;          // Clear overflow flag
  11   1          TR0 = 1;          // Start Timer0
  12   1      
  13   1          while (TF0 == 0); // Wait until overflow
  14   1      
  15   1          TR0 = 0;          // Stop Timer0
  16   1          TF0 = 0;          // Clear overflow flag again
  17   1      }
  18          
  19          void main()
  20          {
  21   1          while (1)
  22   1          {
  23   2              test = ~test;        // Toggle P1.0
  24   2              Timer0_Delay_50ms(); // Delay of 50 ms
  25   2          }
  26   1      }


MODULE INFORMATION:   STATIC OVERLAYABLE
   CODE SIZE        =     28    ----
   CONSTANT SIZE    =   ----    ----
   XDATA SIZE       =   ----    ----
   PDATA SIZE       =   ----    ----
   DATA SIZE        =   ----    ----
   IDATA SIZE       =   ----    ----
   BIT SIZE         =   ----    ----
END OF MODULE INFORMATION.


C51 COMPILATION COMPLETE.  0 WARNING(S),  0 ERROR(S)
